// Jest Snapshot v1, https://goo.gl/fbAQLP

exports[`Testing <PublicationScreen /> Matching snapshot 1`] = `
<RCTSafeAreaView
  style={
    {
      "backgroundColor": "black",
      "flex": 1,
      "paddingTop": 0,
    }
  }
>
  <View
    style={
      {
        "alignItems": "center",
        "backgroundColor": "black",
        "flexDirection": "row",
        "paddingBottom": 8,
      }
    }
    testID="header"
  >
    <View
      style={
        {
          "borderBottomColor": "white",
          "borderBottomWidth": 2,
          "flexDirection": "row",
          "marginBottom": 1,
          "marginHorizontal": 12,
          "marginTop": 10,
        }
      }
    >
      <TextInput
        onChangeText={[Function]}
        style={
          {
            "color": "white",
            "flex": 1,
            "paddingBottom": 15,
          }
        }
        testID="search-bar"
        value=""
      />
      <Text />
    </View>
  </View>
  <View
    style={
      {
        "backgroundColor": "#CCCCCC",
        "flex": 1,
      }
    }
  >
    <RCTScrollView
      ListEmptyComponent={
        <EmptyList
          text="No hay publicaciones"
        />
      }
      data={[]}
      getItem={[Function]}
      getItemCount={[Function]}
      keyExtractor={[Function]}
      onContentSizeChange={[Function]}
      onLayout={[Function]}
      onMomentumScrollBegin={[Function]}
      onMomentumScrollEnd={[Function]}
      onScroll={[Function]}
      onScrollBeginDrag={[Function]}
      onScrollEndDrag={[Function]}
      refreshControl={
        <RefreshControlMock
          colors={
            [
              "#32373A",
            ]
          }
          onRefresh={[MockFunction]}
          refreshing={false}
          tintColor="#32373A"
        />
      }
      renderItem={[Function]}
      scrollEventThrottle={50}
      stickyHeaderIndices={[]}
      testID="publication-list"
    >
      <RCTRefreshControl />
      <View>
        <View
          style={
            {
              "flex": 1,
              "marginTop": 15,
            }
          }
        >
          <Text
            style={
              {
                "fontFamily": "Arial",
                "fontSize": 20,
                "fontWeight": "500",
                "textAlign": "center",
              }
            }
          >
            No hay publicaciones
          </Text>
        </View>
      </View>
    </RCTScrollView>
  </View>
</RCTSafeAreaView>
`;
